  main.cpp
C:\Users\ambar\OneDrive\Documentos\Visual Studio 18\Pacman\Pacman\GhostMesh.h(47,21): warning C4244: 'inicializando': conversión de 'double' a 'float'; posible pérdida de datos
  (compilando archivo de origen "main.cpp")
  
C:\Users\ambar\OneDrive\Documentos\Visual Studio 18\Pacman\Pacman\GhostMesh.h(53,27): warning C4244: 'inicializando': conversión de 'double' a 'float'; posible pérdida de datos
  (compilando archivo de origen "main.cpp")
  
C:\Users\ambar\OneDrive\Documentos\Visual Studio 18\Pacman\Pacman\GhostMesh.h(85,24): warning C4267: 'inicializando': conversión de 'size_t' a 'int'; posible pérdida de datos
  (compilando archivo de origen "main.cpp")
  
C:\Users\ambar\OneDrive\Documentos\Visual Studio 18\Pacman\Pacman\GhostMesh.h(96,19): warning C4267: 'inicializando': conversión de 'size_t' a 'int'; posible pérdida de datos
  (compilando archivo de origen "main.cpp")
  
C:\Users\ambar\OneDrive\Documentos\Visual Studio 18\Pacman\Pacman\GhostMesh.h(99,23): warning C4244: 'inicializando': conversión de 'double' a 'float'; posible pérdida de datos
  (compilando archivo de origen "main.cpp")
  
C:\Users\ambar\OneDrive\Documentos\Visual Studio 18\Pacman\Pacman\GhostMesh.h(122,30): warning C4267: '=': conversión de 'size_t' a 'int'; posible pérdida de datos
  (compilando archivo de origen "main.cpp")
  
C:\Users\ambar\OneDrive\Documentos\Visual Studio 18\Pacman\Pacman\main.cpp(360,30): warning C4244: 'inicializando': conversión de 'double' a 'GLfloat'; posible pérdida de datos
C:\Users\ambar\OneDrive\Documentos\Visual Studio 18\Pacman\Pacman\main.cpp(381,24): warning C4244: 'inicializando': conversión de 'T' a 'int'; posible pérdida de datos
C:\Users\ambar\OneDrive\Documentos\Visual Studio 18\Pacman\Pacman\main.cpp(381,24): warning C4244:         with
C:\Users\ambar\OneDrive\Documentos\Visual Studio 18\Pacman\Pacman\main.cpp(381,24): warning C4244:         [
C:\Users\ambar\OneDrive\Documentos\Visual Studio 18\Pacman\Pacman\main.cpp(381,24): warning C4244:             T=float
C:\Users\ambar\OneDrive\Documentos\Visual Studio 18\Pacman\Pacman\main.cpp(381,24): warning C4244:         ]
C:\Users\ambar\OneDrive\Documentos\Visual Studio 18\Pacman\Pacman\main.cpp(382,24): warning C4244: 'inicializando': conversión de 'T' a 'int'; posible pérdida de datos
C:\Users\ambar\OneDrive\Documentos\Visual Studio 18\Pacman\Pacman\main.cpp(382,24): warning C4244:         with
C:\Users\ambar\OneDrive\Documentos\Visual Studio 18\Pacman\Pacman\main.cpp(382,24): warning C4244:         [
C:\Users\ambar\OneDrive\Documentos\Visual Studio 18\Pacman\Pacman\main.cpp(382,24): warning C4244:             T=float
C:\Users\ambar\OneDrive\Documentos\Visual Studio 18\Pacman\Pacman\main.cpp(382,24): warning C4244:         ]
C:\Users\ambar\OneDrive\Documentos\Visual Studio 18\Pacman\Pacman\main.cpp(384,24): warning C4244: 'inicializando': conversión de 'T' a 'int'; posible pérdida de datos
C:\Users\ambar\OneDrive\Documentos\Visual Studio 18\Pacman\Pacman\main.cpp(384,24): warning C4244:         with
C:\Users\ambar\OneDrive\Documentos\Visual Studio 18\Pacman\Pacman\main.cpp(384,24): warning C4244:         [
C:\Users\ambar\OneDrive\Documentos\Visual Studio 18\Pacman\Pacman\main.cpp(384,24): warning C4244:             T=float
C:\Users\ambar\OneDrive\Documentos\Visual Studio 18\Pacman\Pacman\main.cpp(384,24): warning C4244:         ]
C:\Users\ambar\OneDrive\Documentos\Visual Studio 18\Pacman\Pacman\main.cpp(385,24): warning C4244: 'inicializando': conversión de 'T' a 'int'; posible pérdida de datos
C:\Users\ambar\OneDrive\Documentos\Visual Studio 18\Pacman\Pacman\main.cpp(385,24): warning C4244:         with
C:\Users\ambar\OneDrive\Documentos\Visual Studio 18\Pacman\Pacman\main.cpp(385,24): warning C4244:         [
C:\Users\ambar\OneDrive\Documentos\Visual Studio 18\Pacman\Pacman\main.cpp(385,24): warning C4244:             T=float
C:\Users\ambar\OneDrive\Documentos\Visual Studio 18\Pacman\Pacman\main.cpp(385,24): warning C4244:         ]
C:\Users\ambar\OneDrive\Documentos\Visual Studio 18\Pacman\Pacman\main.cpp(426,36): warning C4244: 'inicializando': conversión de 'int' a 'float'; posible pérdida de datos
C:\Users\ambar\OneDrive\Documentos\Visual Studio 18\Pacman\Pacman\main.cpp(453,25): warning C4244: 'inicializando': conversión de 'T' a 'int'; posible pérdida de datos
C:\Users\ambar\OneDrive\Documentos\Visual Studio 18\Pacman\Pacman\main.cpp(453,25): warning C4244:         with
C:\Users\ambar\OneDrive\Documentos\Visual Studio 18\Pacman\Pacman\main.cpp(453,25): warning C4244:         [
C:\Users\ambar\OneDrive\Documentos\Visual Studio 18\Pacman\Pacman\main.cpp(453,25): warning C4244:             T=float
C:\Users\ambar\OneDrive\Documentos\Visual Studio 18\Pacman\Pacman\main.cpp(453,25): warning C4244:         ]
C:\Users\ambar\OneDrive\Documentos\Visual Studio 18\Pacman\Pacman\main.cpp(454,25): warning C4244: 'inicializando': conversión de 'T' a 'int'; posible pérdida de datos
C:\Users\ambar\OneDrive\Documentos\Visual Studio 18\Pacman\Pacman\main.cpp(454,25): warning C4244:         with
C:\Users\ambar\OneDrive\Documentos\Visual Studio 18\Pacman\Pacman\main.cpp(454,25): warning C4244:         [
C:\Users\ambar\OneDrive\Documentos\Visual Studio 18\Pacman\Pacman\main.cpp(454,25): warning C4244:             T=float
C:\Users\ambar\OneDrive\Documentos\Visual Studio 18\Pacman\Pacman\main.cpp(454,25): warning C4244:         ]
C:\Users\ambar\OneDrive\Documentos\Visual Studio 18\Pacman\Pacman\main.cpp(518,20): warning C4244: 'inicializando': conversión de 'T' a 'int'; posible pérdida de datos
C:\Users\ambar\OneDrive\Documentos\Visual Studio 18\Pacman\Pacman\main.cpp(518,20): warning C4244:         with
C:\Users\ambar\OneDrive\Documentos\Visual Studio 18\Pacman\Pacman\main.cpp(518,20): warning C4244:         [
C:\Users\ambar\OneDrive\Documentos\Visual Studio 18\Pacman\Pacman\main.cpp(518,20): warning C4244:             T=float
C:\Users\ambar\OneDrive\Documentos\Visual Studio 18\Pacman\Pacman\main.cpp(518,20): warning C4244:         ]
C:\Users\ambar\OneDrive\Documentos\Visual Studio 18\Pacman\Pacman\main.cpp(519,20): warning C4244: 'inicializando': conversión de 'T' a 'int'; posible pérdida de datos
C:\Users\ambar\OneDrive\Documentos\Visual Studio 18\Pacman\Pacman\main.cpp(519,20): warning C4244:         with
C:\Users\ambar\OneDrive\Documentos\Visual Studio 18\Pacman\Pacman\main.cpp(519,20): warning C4244:         [
C:\Users\ambar\OneDrive\Documentos\Visual Studio 18\Pacman\Pacman\main.cpp(519,20): warning C4244:             T=float
C:\Users\ambar\OneDrive\Documentos\Visual Studio 18\Pacman\Pacman\main.cpp(519,20): warning C4244:         ]
C:\Users\ambar\OneDrive\Documentos\Visual Studio 18\Pacman\Pacman\main.cpp(623,56): warning C4244: '=': conversión de 'double' a 'float'; posible pérdida de datos
C:\Users\ambar\OneDrive\Documentos\Visual Studio 18\Pacman\Pacman\main.cpp(624,56): warning C4244: '=': conversión de 'double' a 'float'; posible pérdida de datos
C:\Users\ambar\OneDrive\Documentos\Visual Studio 18\Pacman\Pacman\main.cpp(625,57): warning C4244: '=': conversión de 'double' a 'float'; posible pérdida de datos
LINK : warning LNK4098: la biblioteca predeterminada'MSVCRT' entra en conflicto con otras bibliotecas; use la biblioteca /NODEFAULTLIB:biblioteca
  Pacman.vcxproj -> C:\Users\ambar\OneDrive\Documentos\Visual Studio 18\Pacman\x64\Debug\Pacman.exe
