  Pacman.cpp
C:\Users\caxol\OneDrive\Escritorio\ProyectoCompuLab\Proyecto\configCGIH9\GhostMesh.h(47,29): warning C4244: 'inicializando': conversión de 'double' a 'float'; posible pérdida de datos
  (compilando archivo de origen "Pacman.cpp")
  
C:\Users\caxol\OneDrive\Escritorio\ProyectoCompuLab\Proyecto\configCGIH9\GhostMesh.h(53,27): warning C4244: 'inicializando': conversión de 'double' a 'float'; posible pérdida de datos
  (compilando archivo de origen "Pacman.cpp")
  
C:\Users\caxol\OneDrive\Escritorio\ProyectoCompuLab\Proyecto\configCGIH9\GhostMesh.h(99,23): warning C4244: 'inicializando': conversión de 'double' a 'float'; posible pérdida de datos
  (compilando archivo de origen "Pacman.cpp")
  
C:\Users\caxol\OneDrive\Escritorio\ProyectoCompuLab\Proyecto\configCGIH9\Pacman.cpp(325,30): warning C4244: 'inicializando': conversión de 'double' a 'GLfloat'; posible pérdida de datos
C:\Users\caxol\OneDrive\Escritorio\ProyectoCompuLab\Proyecto\configCGIH9\Pacman.cpp(386,24): warning C4244: 'inicializando': conversión de 'T' a 'int'; posible pérdida de datos
C:\Users\caxol\OneDrive\Escritorio\ProyectoCompuLab\Proyecto\configCGIH9\Pacman.cpp(386,24): warning C4244:         with
C:\Users\caxol\OneDrive\Escritorio\ProyectoCompuLab\Proyecto\configCGIH9\Pacman.cpp(386,24): warning C4244:         [
C:\Users\caxol\OneDrive\Escritorio\ProyectoCompuLab\Proyecto\configCGIH9\Pacman.cpp(386,24): warning C4244:             T=float
C:\Users\caxol\OneDrive\Escritorio\ProyectoCompuLab\Proyecto\configCGIH9\Pacman.cpp(386,24): warning C4244:         ]
C:\Users\caxol\OneDrive\Escritorio\ProyectoCompuLab\Proyecto\configCGIH9\Pacman.cpp(387,24): warning C4244: 'inicializando': conversión de 'T' a 'int'; posible pérdida de datos
C:\Users\caxol\OneDrive\Escritorio\ProyectoCompuLab\Proyecto\configCGIH9\Pacman.cpp(387,24): warning C4244:         with
C:\Users\caxol\OneDrive\Escritorio\ProyectoCompuLab\Proyecto\configCGIH9\Pacman.cpp(387,24): warning C4244:         [
C:\Users\caxol\OneDrive\Escritorio\ProyectoCompuLab\Proyecto\configCGIH9\Pacman.cpp(387,24): warning C4244:             T=float
C:\Users\caxol\OneDrive\Escritorio\ProyectoCompuLab\Proyecto\configCGIH9\Pacman.cpp(387,24): warning C4244:         ]
C:\Users\caxol\OneDrive\Escritorio\ProyectoCompuLab\Proyecto\configCGIH9\Pacman.cpp(388,24): warning C4244: 'inicializando': conversión de 'T' a 'int'; posible pérdida de datos
C:\Users\caxol\OneDrive\Escritorio\ProyectoCompuLab\Proyecto\configCGIH9\Pacman.cpp(388,24): warning C4244:         with
C:\Users\caxol\OneDrive\Escritorio\ProyectoCompuLab\Proyecto\configCGIH9\Pacman.cpp(388,24): warning C4244:         [
C:\Users\caxol\OneDrive\Escritorio\ProyectoCompuLab\Proyecto\configCGIH9\Pacman.cpp(388,24): warning C4244:             T=float
C:\Users\caxol\OneDrive\Escritorio\ProyectoCompuLab\Proyecto\configCGIH9\Pacman.cpp(388,24): warning C4244:         ]
C:\Users\caxol\OneDrive\Escritorio\ProyectoCompuLab\Proyecto\configCGIH9\Pacman.cpp(389,24): warning C4244: 'inicializando': conversión de 'T' a 'int'; posible pérdida de datos
C:\Users\caxol\OneDrive\Escritorio\ProyectoCompuLab\Proyecto\configCGIH9\Pacman.cpp(389,24): warning C4244:         with
C:\Users\caxol\OneDrive\Escritorio\ProyectoCompuLab\Proyecto\configCGIH9\Pacman.cpp(389,24): warning C4244:         [
C:\Users\caxol\OneDrive\Escritorio\ProyectoCompuLab\Proyecto\configCGIH9\Pacman.cpp(389,24): warning C4244:             T=float
C:\Users\caxol\OneDrive\Escritorio\ProyectoCompuLab\Proyecto\configCGIH9\Pacman.cpp(389,24): warning C4244:         ]
C:\Users\caxol\OneDrive\Escritorio\ProyectoCompuLab\Proyecto\configCGIH9\Pacman.cpp(413,27): warning C4244: 'inicializando': conversión de 'T' a 'int'; posible pérdida de datos
C:\Users\caxol\OneDrive\Escritorio\ProyectoCompuLab\Proyecto\configCGIH9\Pacman.cpp(413,27): warning C4244:         with
C:\Users\caxol\OneDrive\Escritorio\ProyectoCompuLab\Proyecto\configCGIH9\Pacman.cpp(413,27): warning C4244:         [
C:\Users\caxol\OneDrive\Escritorio\ProyectoCompuLab\Proyecto\configCGIH9\Pacman.cpp(413,27): warning C4244:             T=float
C:\Users\caxol\OneDrive\Escritorio\ProyectoCompuLab\Proyecto\configCGIH9\Pacman.cpp(413,27): warning C4244:         ]
C:\Users\caxol\OneDrive\Escritorio\ProyectoCompuLab\Proyecto\configCGIH9\Pacman.cpp(414,27): warning C4244: 'inicializando': conversión de 'T' a 'int'; posible pérdida de datos
C:\Users\caxol\OneDrive\Escritorio\ProyectoCompuLab\Proyecto\configCGIH9\Pacman.cpp(414,27): warning C4244:         with
C:\Users\caxol\OneDrive\Escritorio\ProyectoCompuLab\Proyecto\configCGIH9\Pacman.cpp(414,27): warning C4244:         [
C:\Users\caxol\OneDrive\Escritorio\ProyectoCompuLab\Proyecto\configCGIH9\Pacman.cpp(414,27): warning C4244:             T=float
C:\Users\caxol\OneDrive\Escritorio\ProyectoCompuLab\Proyecto\configCGIH9\Pacman.cpp(414,27): warning C4244:         ]
C:\Users\caxol\OneDrive\Escritorio\ProyectoCompuLab\Proyecto\configCGIH9\Pacman.cpp(426,36): warning C4244: 'inicializando': conversión de 'int' a 'float'; posible pérdida de datos
C:\Users\caxol\OneDrive\Escritorio\ProyectoCompuLab\Proyecto\configCGIH9\Pacman.cpp(446,25): warning C4244: 'inicializando': conversión de 'T' a 'int'; posible pérdida de datos
C:\Users\caxol\OneDrive\Escritorio\ProyectoCompuLab\Proyecto\configCGIH9\Pacman.cpp(446,25): warning C4244:         with
C:\Users\caxol\OneDrive\Escritorio\ProyectoCompuLab\Proyecto\configCGIH9\Pacman.cpp(446,25): warning C4244:         [
C:\Users\caxol\OneDrive\Escritorio\ProyectoCompuLab\Proyecto\configCGIH9\Pacman.cpp(446,25): warning C4244:             T=float
C:\Users\caxol\OneDrive\Escritorio\ProyectoCompuLab\Proyecto\configCGIH9\Pacman.cpp(446,25): warning C4244:         ]
C:\Users\caxol\OneDrive\Escritorio\ProyectoCompuLab\Proyecto\configCGIH9\Pacman.cpp(447,25): warning C4244: 'inicializando': conversión de 'T' a 'int'; posible pérdida de datos
C:\Users\caxol\OneDrive\Escritorio\ProyectoCompuLab\Proyecto\configCGIH9\Pacman.cpp(447,25): warning C4244:         with
C:\Users\caxol\OneDrive\Escritorio\ProyectoCompuLab\Proyecto\configCGIH9\Pacman.cpp(447,25): warning C4244:         [
C:\Users\caxol\OneDrive\Escritorio\ProyectoCompuLab\Proyecto\configCGIH9\Pacman.cpp(447,25): warning C4244:             T=float
C:\Users\caxol\OneDrive\Escritorio\ProyectoCompuLab\Proyecto\configCGIH9\Pacman.cpp(447,25): warning C4244:         ]
C:\Users\caxol\OneDrive\Escritorio\ProyectoCompuLab\Proyecto\configCGIH9\Pacman.cpp(575,20): warning C4244: 'inicializando': conversión de 'float' a 'int'; posible pérdida de datos
C:\Users\caxol\OneDrive\Escritorio\ProyectoCompuLab\Proyecto\configCGIH9\Pacman.cpp(576,20): warning C4244: 'inicializando': conversión de 'float' a 'int'; posible pérdida de datos
C:\Users\caxol\OneDrive\Escritorio\ProyectoCompuLab\Proyecto\configCGIH9\Pacman.cpp(666,56): warning C4244: '=': conversión de 'double' a 'float'; posible pérdida de datos
C:\Users\caxol\OneDrive\Escritorio\ProyectoCompuLab\Proyecto\configCGIH9\Pacman.cpp(667,56): warning C4244: '=': conversión de 'double' a 'float'; posible pérdida de datos
C:\Users\caxol\OneDrive\Escritorio\ProyectoCompuLab\Proyecto\configCGIH9\Pacman.cpp(668,57): warning C4244: '=': conversión de 'double' a 'float'; posible pérdida de datos
C:\Users\caxol\OneDrive\Escritorio\ProyectoCompuLab\Proyecto\configCGIH9\Pacman.cpp(792,20): warning C4244: 'inicializando': conversión de 'float' a 'int'; posible pérdida de datos
C:\Users\caxol\OneDrive\Escritorio\ProyectoCompuLab\Proyecto\configCGIH9\Pacman.cpp(793,20): warning C4244: 'inicializando': conversión de 'float' a 'int'; posible pérdida de datos
C:\Users\caxol\OneDrive\Escritorio\ProyectoCompuLab\Proyecto\configCGIH9\Pacman.cpp(903,17): warning C4244: '=': conversión de 'double' a 'GLfloat'; posible pérdida de datos
C:\Users\caxol\OneDrive\Escritorio\ProyectoCompuLab\Proyecto\configCGIH9\Pacman.cpp(904,17): warning C4244: '=': conversión de 'double' a 'GLfloat'; posible pérdida de datos
C:\Users\caxol\OneDrive\Escritorio\ProyectoCompuLab\Proyecto\configCGIH9\Pacman.cpp(907,19): warning C4244: 'inicializando': conversión de 'double' a 'float'; posible pérdida de datos
C:\Users\caxol\OneDrive\Escritorio\ProyectoCompuLab\Proyecto\configCGIH9\Pacman.cpp(908,19): warning C4244: 'inicializando': conversión de 'double' a 'float'; posible pérdida de datos
C:\Users\caxol\OneDrive\Escritorio\ProyectoCompuLab\Proyecto\configCGIH9\Pacman.cpp(909,13): warning C4244: '=': conversión de 'double' a 'GLfloat'; posible pérdida de datos
C:\Users\caxol\OneDrive\Escritorio\ProyectoCompuLab\Proyecto\configCGIH9\Pacman.cpp(910,13): warning C4244: '=': conversión de 'double' a 'GLfloat'; posible pérdida de datos
LINK : warning LNK4098: la biblioteca predeterminada'MSVCRT' entra en conflicto con otras bibliotecas; use la biblioteca /NODEFAULTLIB:biblioteca
soil2-debug.lib(etc1_utils.obj) : warning LNK4099: no se encontró PDB 'soil2-debug.pdb' con 'soil2-debug.lib(etc1_utils.obj)' o en 'C:\Users\caxol\OneDrive\Escritorio\ProyectoCompuLab\Proyecto\Debug\soil2-debug.pdb'; se vinculará el objeto sin tener en cuenta información de depuración
soil2-debug.lib(image_DXT.obj) : warning LNK4099: no se encontró PDB 'soil2-debug.pdb' con 'soil2-debug.lib(image_DXT.obj)' o en 'C:\Users\caxol\OneDrive\Escritorio\ProyectoCompuLab\Proyecto\Debug\soil2-debug.pdb'; se vinculará el objeto sin tener en cuenta información de depuración
soil2-debug.lib(image_helper.obj) : warning LNK4099: no se encontró PDB 'soil2-debug.pdb' con 'soil2-debug.lib(image_helper.obj)' o en 'C:\Users\caxol\OneDrive\Escritorio\ProyectoCompuLab\Proyecto\Debug\soil2-debug.pdb'; se vinculará el objeto sin tener en cuenta información de depuración
soil2-debug.lib(SOIL2.obj) : warning LNK4099: no se encontró PDB 'soil2-debug.pdb' con 'soil2-debug.lib(SOIL2.obj)' o en 'C:\Users\caxol\OneDrive\Escritorio\ProyectoCompuLab\Proyecto\Debug\soil2-debug.pdb'; se vinculará el objeto sin tener en cuenta información de depuración
  configCGIH9.vcxproj -> C:\Users\caxol\OneDrive\Escritorio\ProyectoCompuLab\Proyecto\Debug\configCGIH9.exe
